2026-02-25 09:39:06,757 [INFO] 
============================================================
2026-02-25 09:39:06,757 [INFO] PAGE 1: https://dharmaebooks.org/tag/tibetan/
2026-02-25 09:39:06,757 [INFO] ============================================================
2026-02-25 09:39:13,849 [INFO]   → Found 24 book entries on this page
2026-02-25 09:39:13,850 [INFO] 
  Book: དབྱངས་ཅན་དགའ་བ།
2026-02-25 09:39:13,850 [INFO]   Format selected: EPUB
2026-02-25 09:39:13,861 [INFO]   [DOWNLOADING] དབངསཅནདགའབ.epub
2026-02-25 09:39:21,787 [INFO]   [SAVED] data\དབངསཅནདགའབ.epub
2026-02-25 09:39:21,805 [INFO] 
  Book: རིན་ཆེན་གཏེར་མཛོད་ཆེན་མོའི་ཐོབ་ཡིག་གཏེར་གྱི་བུམ་པ།
2026-02-25 09:39:21,818 [INFO]   Format selected: PDF
2026-02-25 09:39:21,818 [INFO]   [DOWNLOADING] རནཆནགཏརམཛདཆནམའཐབཡགགཏརགབམཔ.pdf
2026-02-25 09:40:46,530 [INFO]   [SAVED] data\རནཆནགཏརམཛདཆནམའཐབཡགགཏརགབམཔ.pdf
2026-02-25 09:40:46,546 [INFO] 
  Book: སྒྲོལ་མ་ལྷ་ལྔའི་རྒྱུན་ཁྱེར་ཨུཏྤལ་ཕྲེང་བ།
2026-02-25 09:40:46,546 [INFO]   Format selected: EPUB
2026-02-25 09:40:46,548 [INFO]   [DOWNLOADING] སལམལལའརནཁརཨཏལཕངབ.epub
2026-02-25 09:40:54,981 [INFO]   [SAVED] data\སལམལལའརནཁརཨཏལཕངབ.epub
2026-02-25 09:40:54,994 [INFO] 
  Book: ཕྱག་ཆེན་ཆོོས་སྐུ་མཛུབ་ཚུགས།
2026-02-25 09:40:54,994 [INFO]   Format selected: EPUB
2026-02-25 09:40:54,994 [INFO]   [DOWNLOADING] ཕགཆནཆསསམཛབཚགས.epub
2026-02-25 09:41:05,403 [INFO]   [SAVED] data\ཕགཆནཆསསམཛབཚགས.epub
2026-02-25 09:41:05,422 [INFO] 
  Book: ཡིད་བཞིན་འཁོར་ལོའི་ཚེ་ཁྲིད་བདུད་རྩིའི་ཟ་མ་ཏོག །
2026-02-25 09:41:05,422 [INFO]   Format selected: EPUB
2026-02-25 09:41:05,422 [INFO]   [DOWNLOADING] ཡདབཞནའཁརལའཚཁདབདདརའཟམཏག.epub
2026-02-25 09:44:52,465 [INFO] 
============================================================
2026-02-25 09:44:52,466 [INFO] PAGE 1: https://dharmaebooks.org/tag/tibetan/
2026-02-25 09:44:52,466 [INFO] ============================================================
2026-02-25 09:45:02,939 [INFO]   → Found 24 book entries on this page
2026-02-25 09:45:02,939 [INFO] 
  Book: དབྱངས་ཅན་དགའ་བ།
2026-02-25 09:45:02,939 [INFO]   Format selected: EPUB
2026-02-25 09:45:02,939 [INFO]   [DOWNLOADING] དབངསཅནདགའབ.epub
2026-02-25 09:45:12,406 [INFO]   [SAVED] data\epub\དབངསཅནདགའབ.epub
2026-02-25 09:45:12,426 [INFO] 
  Book: རིན་ཆེན་གཏེར་མཛོད་ཆེན་མོའི་ཐོབ་ཡིག་གཏེར་གྱི་བུམ་པ།
2026-02-25 09:45:12,428 [INFO]   Format selected: PDF
2026-02-25 09:45:12,429 [INFO]   [DOWNLOADING] རནཆནགཏརམཛདཆནམའཐབཡགགཏརགབམཔ.pdf
2026-02-25 09:46:33,339 [INFO]   [SAVED] data\pdf\རནཆནགཏརམཛདཆནམའཐབཡགགཏརགབམཔ.pdf
2026-02-25 09:46:33,369 [INFO] 
  Book: སྒྲོལ་མ་ལྷ་ལྔའི་རྒྱུན་ཁྱེར་ཨུཏྤལ་ཕྲེང་བ།
2026-02-25 09:46:33,369 [INFO]   Format selected: EPUB
2026-02-25 09:46:33,369 [INFO]   [DOWNLOADING] སལམལལའརནཁརཨཏལཕངབ.epub
2026-02-25 09:46:43,208 [INFO]   [SAVED] data\epub\སལམལལའརནཁརཨཏལཕངབ.epub
2026-02-25 09:46:43,234 [INFO] 
  Book: ཕྱག་ཆེན་ཆོོས་སྐུ་མཛུབ་ཚུགས།
2026-02-25 09:46:43,234 [INFO]   Format selected: EPUB
2026-02-25 09:46:43,234 [INFO]   [DOWNLOADING] ཕགཆནཆསསམཛབཚགས.epub
2026-02-25 09:46:57,085 [INFO]   [SAVED] data\epub\ཕགཆནཆསསམཛབཚགས.epub
2026-02-25 09:46:57,097 [INFO] 
  Book: ཡིད་བཞིན་འཁོར་ལོའི་ཚེ་ཁྲིད་བདུད་རྩིའི་ཟ་མ་ཏོག །
2026-02-25 09:46:57,097 [INFO]   Format selected: EPUB
2026-02-25 09:46:57,097 [INFO]   [DOWNLOADING] ཡདབཞནའཁརལའཚཁདབདདརའཟམཏག.epub
2026-02-25 09:47:40,457 [INFO]   [SAVED] data\epub\ཡདབཞནའཁརལའཚཁདབདདརའཟམཏག.epub
2026-02-25 09:47:40,484 [INFO] 
  Book: བདེ་མཆོག་ལྷོ་སྒོའི་ཆོ་ག །
2026-02-25 09:47:40,485 [INFO]   Format selected: EPUB
2026-02-25 09:47:40,485 [INFO]   [DOWNLOADING] བདམཆགལསའཆག.epub
2026-02-25 09:47:49,637 [INFO]   [SAVED] data\epub\བདམཆགལསའཆག.epub
2026-02-25 09:47:49,658 [INFO] 
  Book: ཁྲི་མངའ་གསོལ་གྱི་ཆོ་ག །
2026-02-25 09:47:49,658 [INFO]   Format selected: EPUB
2026-02-25 09:47:49,659 [INFO]   [DOWNLOADING] ཁམངའགསལགཆག.epub
2026-02-25 09:48:14,381 [INFO]   [SAVED] data\epub\ཁམངའགསལགཆག.epub
2026-02-25 09:48:14,401 [INFO] 
  Book: ཀར་ལུགས་སྒྲོལ་མ་མཎྜལ་གྱི་ཆོ་ག །
2026-02-25 09:48:14,402 [INFO]   Format selected: EPUB
2026-02-25 09:48:14,402 [INFO]   [DOWNLOADING] ཀརལགསསལམམཎལགཆག.epub
2026-02-25 09:48:20,252 [INFO]   [SAVED] data\epub\ཀརལགསསལམམཎལགཆག.epub
2026-02-25 09:48:20,268 [INFO] 
  Book: སྦས་ཡུལ་ཙུམ་གྱི་གཞས་ཚིག་ཕྱོགས་བསྡེབས་དྲི་ཟའི་གླུ་དབྱངས།
2026-02-25 09:48:20,269 [INFO]   Format selected: EPUB
2026-02-25 09:48:20,269 [INFO]   [DOWNLOADING] སསཡལཙམགགཞསཚགཕགསབསབསདཟའགདབངས.epub
2026-02-25 09:48:36,384 [INFO]   [SAVED] data\epub\སསཡལཙམགགཞསཚགཕགསབསབསདཟའགདབངས.epub
2026-02-25 09:48:36,398 [INFO] 
  Book: དུས་མཁྱེན་ཐུགས་དམ་སྒྲོལ་མ་ལྷ་ལྔའི་ཆོ་ག །
2026-02-25 09:48:36,398 [INFO]   Format selected: EPUB
2026-02-25 09:48:36,398 [INFO]   [DOWNLOADING] དསམཁནཐགསདམསལམལལའཆག.epub
2026-02-25 09:48:43,326 [INFO]   [SAVED] data\epub\དསམཁནཐགསདམསལམལལའཆག.epub
2026-02-25 09:48:43,341 [INFO] 
  Book: ནེ་པཱལ་གྱི་ལོ་རྒྱུས་མདོར་བསྡུས།
2026-02-25 09:48:43,342 [INFO]   Format selected: EPUB
2026-02-25 09:48:43,343 [INFO]   [DOWNLOADING] ནཔལགལརསམདརབསས.epub
2026-02-25 09:51:13,685 [INFO]   [SAVED] data\epub\ནཔལགལརསམདརབསས.epub
2026-02-25 09:51:13,704 [INFO] 
  Book: ༧རྒྱལ་དབང་བཅུ་བདུན་པའི་བླ་སྒྲུབ་དང་གསོལ་འདེབས། དེ་གཉིས་ཀྱི་འགྲེལ་པ་བཅས།
2026-02-25 09:51:13,705 [INFO]   Format selected: EPUB
2026-02-25 09:51:13,705 [INFO]   [DOWNLOADING] ༧རལདབངབཅབདནཔའབསབདངགསལའདབས-དགཉསཀའགལཔབཅས.epub
2026-02-25 09:51:51,666 [INFO]   [SAVED] data\epub\༧རལདབངབཅབདནཔའབསབདངགསལའདབས-དགཉསཀའགལཔབཅས.epub
2026-02-25 09:51:51,683 [INFO] 
  Book: ཀར་ལུགས་རྩ་གསུམ་དྲིལ་སྒྲུབ་ཀྱི་ཆོ་ག །
2026-02-25 09:51:51,684 [INFO]   Format selected: EPUB
2026-02-25 09:51:51,685 [INFO]   [DOWNLOADING] ཀརལགསརགསམདལསབཀཆག.epub
2026-02-25 09:51:58,900 [INFO]   [SAVED] data\epub\ཀརལགསརགསམདལསབཀཆག.epub
2026-02-25 09:51:58,914 [INFO] 
  Book: རྒྱལ་བའི་རྒྱལ་ཚབ་གཽ་ཤྲཱི་ཆེན་པོའི་བླ་མཆོད་ཡེ་ཤེས་སྤྲིན་ཕུང་།
2026-02-25 09:51:58,914 [INFO]   Format selected: EPUB
2026-02-25 09:51:58,915 [INFO]   [DOWNLOADING] རལབའརལཚབགཤཆནཔའབམཆདཡཤསསནཕང.epub
2026-02-25 09:52:14,162 [INFO]   [SAVED] data\epub\རལབའརལཚབགཤཆནཔའབམཆདཡཤསསནཕང.epub
2026-02-25 09:52:14,181 [INFO] 
  Book: ཇོོ་བོོ་བཀའ་གདམས་པའི་ཟབ་ཆོས།
2026-02-25 09:52:14,181 [INFO]   Format selected: PDF
2026-02-25 09:52:14,181 [INFO]   [DOWNLOADING] ཇབབཀའགདམསཔའཟབཆས.pdf
2026-02-25 09:52:23,484 [INFO]   [SAVED] data\pdf\ཇབབཀའགདམསཔའཟབཆས.pdf
2026-02-25 09:52:23,513 [INFO] 
  Book: ལམ་མཆོག་རིན་ཆེན་ཕྲེང་བའི་འོད་ཟེར།
2026-02-25 09:52:23,514 [INFO]   Format selected: PDF
2026-02-25 09:52:23,514 [INFO]   [DOWNLOADING] ལམམཆགརནཆནཕངབའའདཟར.pdf
2026-02-25 09:52:31,317 [INFO]   [SAVED] data\pdf\ལམམཆགརནཆནཕངབའའདཟར.pdf
2026-02-25 09:52:31,330 [INFO] 
  Book: སྤྱོད་འཇུག་ཤེས་རབ་ལེའུའི་བཀའ་ཁྲིད་སེམས་ཀྱི་ཉི་མ།
2026-02-25 09:52:31,330 [INFO]   Format selected: PDF
2026-02-25 09:52:31,331 [INFO]   [DOWNLOADING] སདའཇགཤསརབལའའབཀའཁདསམསཀཉམ.pdf
2026-02-25 09:52:40,538 [INFO]   [SAVED] data\pdf\སདའཇགཤསརབལའའབཀའཁདསམསཀཉམ.pdf
2026-02-25 09:52:40,556 [INFO] 
  Book: ཕྱག་རྒྱ་ཆེན་པོའི་མན་ངག །
2026-02-25 09:52:40,556 [INFO]   Format selected: PDF
2026-02-25 09:52:40,557 [INFO]   [DOWNLOADING] ཕགརཆནཔའམནངག.pdf
2026-02-25 09:52:52,294 [INFO]   [SAVED] data\pdf\ཕགརཆནཔའམནངག.pdf
2026-02-25 09:52:52,310 [INFO] 
  Book: བྱིན་རླབས་འོད་ཟེར་འབར་བའི་གྲུ་ཆར།
2026-02-25 09:52:52,310 [INFO]   Format selected: EPUB
2026-02-25 09:52:52,311 [INFO]   [DOWNLOADING] བནརབསའདཟརའབརབའགཆར.epub
2026-02-25 09:53:11,994 [INFO]   [SAVED] data\epub\བནརབསའདཟརའབརབའགཆར.epub
2026-02-25 09:53:12,006 [INFO] 
  Book: གོ་ཤྲི་དཔལ་འབྱོར་དོན་གྲུབ་ཀྱི་ལོ་རྒྱུས།
2026-02-25 09:53:12,006 [INFO]   Format selected: EPUB
2026-02-25 09:53:12,007 [INFO]   [DOWNLOADING] གཤདཔལའབརདནགབཀལརས.epub
2026-02-25 09:55:33,864 [INFO]   [SAVED] data\epub\གཤདཔལའབརདནགབཀལརས.epub
2026-02-25 09:55:33,884 [INFO] 
  Book: སྦས་ཡུལ་སྐྱིད་མོ་ལུང་བཙུམ་དགོན་པའི་ཞལ་འདོན་ཕྱོགས་བསྒྲིགས།
2026-02-25 09:55:33,885 [INFO]   Format selected: EPUB
2026-02-25 09:55:33,885 [INFO]   [DOWNLOADING] སསཡལསདམལངབཙམདགནཔའཞལའདནཕགསབསགས.epub
2026-02-25 09:55:43,878 [INFO]   [SAVED] data\epub\སསཡལསདམལངབཙམདགནཔའཞལའདནཕགསབསགས.epub
2026-02-25 09:55:43,906 [INFO] 
  Book: ཚོགས་ཆོས་མུ་ཏིག་ཕྲེང་བ།
2026-02-25 09:55:43,912 [INFO]   Format selected: EPUB
2026-02-25 09:55:43,916 [INFO]   [DOWNLOADING] ཚགསཆསམཏགཕངབ.epub
2026-02-25 09:55:49,272 [INFO]   [SAVED] data\epub\ཚགསཆསམཏགཕངབ.epub
2026-02-25 09:55:49,286 [INFO] 
  Book: སྦས་ཡུལ་ཙུམ་གྱི་ཡིག་མཛོད་ལས་ལོ་རྒྱུས་རིག་གཞུང་སྐོར། གསུམ་པ།
2026-02-25 09:55:49,286 [INFO]   Format selected: EPUB
2026-02-25 09:55:49,286 [INFO]   [DOWNLOADING] སསཡལཙམགཡགམཛདལསལརསརགགཞངསར-གསམཔ.epub
2026-02-25 10:00:51,224 [INFO]   [SAVED] data\epub\སསཡལཙམགཡགམཛདལསལརསརགགཞངསར-གསམཔ.epub
2026-02-25 10:00:51,239 [INFO] 
  Book: སྦས་ཡུལ་ཙུམ་གྱི་ཡིག་མཛོད་ལས་རྣམ་ཐར་སྐོར། དེབ་འཕྲེང་གསུམ་པ།
2026-02-25 10:00:51,240 [INFO]   Format selected: EPUB
2026-02-25 10:00:51,240 [INFO]   [DOWNLOADING] སསཡལཙམགཡགམཛདལསརམཐརསར-དབའཕངགསམཔ.epub
2026-02-25 10:05:07,701 [INFO]   [SAVED] data\epub\སསཡལཙམགཡགམཛདལསརམཐརསར-དབའཕངགསམཔ.epub
2026-02-25 10:05:07,931 [INFO] No next page found. Scraping complete.
2026-02-25 10:05:07,931 [INFO] 
============================================================
2026-02-25 10:05:07,931 [INFO] FINAL STATS
2026-02-25 10:05:07,931 [INFO]   Attempted : 24
2026-02-25 10:05:07,932 [INFO]   Downloaded: 24
2026-02-25 10:05:07,933 [INFO]   Skipped   : 0  (already on disk)
2026-02-25 10:05:07,933 [INFO]   Failed    : 0
2026-02-25 10:05:07,933 [INFO]   Output dirs: D:\budhaghat\dharma_scraper\data\epub  (epub)
2026-02-25 10:05:07,934 [INFO]                D:\budhaghat\dharma_scraper\data\pdf   (pdf)
